// Jest Snapshot v1, https://goo.gl/fbAQLP

exports[` 1`] = `
<div
  className="playlist__item"
>
  <div
    className="playlist__track"
    onClick={[Function]}
  >
    <div
      className="track__title"
    >
      <div
        className="track__title_image"
      >
        <img
          alt="note"
          className="track__title_svg"
          data-nimg="1"
          decoding="async"
          height={24}
          loading="lazy"
          onError={[Function]}
          onLoad={[Function]}
          src="/img/icons/note.svg"
          style={
            {
              "color": "transparent",
            }
          }
          width={24}
        />
      </div>
      <div
        className="track__title_text"
      >
        <div
          className="track__title_link"
        >
          <a>
            Ora
          </a>
          <span
            className="track__title_span"
          />
        </div>
      </div>
    </div>
    <div
      className="track__author"
    >
      <a
        className="track__author_link"
      >
        melo
      </a>
    </div>
    <div
      className="track__album"
    >
      <a
        className="track__album_link"
      >
        qwetty
      </a>
    </div>
    <div
      className="track__time"
      onClick={[Function]}
    >
      <svg
        className="track__time_svg"
      >
        <use
          xlinkHref="/img/icons/sprite.svg#icon-like"
        />
      </svg>
      <span
        className="track__time_text"
      >
        00:010
      </span>
    </div>
  </div>
</div>
`;

exports[`track render track 1`] = `
<div
  className="playlist__item"
>
  <div
    className="playlist__track"
    onClick={[Function]}
  >
    <div
      className="track__title"
    >
      <div
        className="track__title_image"
      >
        <img
          alt="note"
          className="track__title_svg"
          data-nimg="1"
          decoding="async"
          height={24}
          loading="lazy"
          onError={[Function]}
          onLoad={[Function]}
          src="/img/icons/note.svg"
          style={
            {
              "color": "transparent",
            }
          }
          width={24}
        />
      </div>
      <div
        className="track__title_text"
      >
        <div
          className="track__title_link"
        >
          <a>
            Ora
          </a>
          <span
            className="track__title_span"
          />
        </div>
      </div>
    </div>
    <div
      className="track__author"
    >
      <a
        className="track__author_link"
      >
        melo
      </a>
    </div>
    <div
      className="track__album"
    >
      <a
        className="track__album_link"
      >
        qwetty
      </a>
    </div>
    <div
      className="track__time"
      onClick={[Function]}
    >
      <svg
        className="track__time_svg"
      >
        <use
          xlinkHref="/img/icons/sprite.svg#icon-like"
        />
      </svg>
      <span
        className="track__time_text"
      >
        00:010
      </span>
    </div>
  </div>
</div>
`;
